================================================================
  🧪 Running KeePass Web Team Edition Verification Tests
================================================================

✅ Test 1 Passed: Salt Hashing (32-byte Random Salt + PBKDF2-HMAC-SHA512)
✅ Test 2 Passed: AES-256-GCM Vault Authenticated Encryption & Decryption
✅ Test 3 Passed: MFA Authenticator Engine (Token: 633881, 4s left)
✅ Test 4 Passed: Native .kdbx Database Exporter, Importer and XML/CSV Engine
[BackupService] Local backup snapshot created: vault_backup_2026-09-10T12-45-57-232Z.json (Checksum: 5df6a7856ef6...)
[BackupService] Rotated old backup file: vault_backup_2026-09-10T12-43-04-272Z.json
✅ Test 5 Passed: Daily Local Database Backup Service (Snapshot: vault_backup_2026-09-10T12-45-57-232Z.json)
✅ Test 6 Passed: Multi-User Isolation & Granular Team Co-Access Control
✅ Test 7 Passed: Vault Security Health Analyzer (Score: 17%, Grade: F, Reused: 2)
✅ Test 8 Passed: WebAuthn / FIDO2 Hardware Key Challenge Engine (Challenge: Ty3BMtYKU0w_-0AG...)
✅ Test 9 Passed: Private Vault Isolation (Disallow Sharing to Co-Members)

================================================================
  🎉 ALL 9 COMPREHENSIVE VERIFICATION TESTS PASSED SUCCESSFULLY!
================================================================

